LTspice 26.0.1 for Windows
Circuit: C:\Users\thijm\OneDrive\UNi\def\opdrachten-DEF-D-1\FysiekeOntwerpopdrachten\2OntwerpEenSensorCondensator\LTSpiceTemplateCapacitor.net
Start Time: Wed Feb 25 15:28:44 2026

.step niveau=0
solver = Normal
Maximum thread count: 10
tnom = 27
temp = 27
method = trap
.OP point found by inspection.

.step niveau=0.2
.OP point found by inspection.

.step niveau=0.4
.OP point found by inspection.

.step niveau=0.6
.OP point found by inspection.

.step niveau=0.8
.OP point found by inspection.

.step niveau=1
.OP point found by inspection.
Total elapsed time: 0.757 seconds.

Files loaded:
C:\Users\thijm\OneDrive\UNi\def\opdrachten-DEF-D-1\FysiekeOntwerpopdrachten\2OntwerpEenSensorCondensator\LTSpiceTemplateCapacitor.net

